// Jest Snapshot v1, https://goo.gl/fbAQLP

exports[`AwesomeHome Component matches the snapshot 1`] = `
<DocumentFragment>
  <div>
    <section
      class="relative pb-0 pt-20 h-screen flex items-center  lg:py-36 overflow-hidden bg-white dark:bg-slate-900  w-full"
    >
      <div
        class="absolute inset-0 bg-[url('/images/overlay.png')] bg-repeat opacity-10 dark:opacity-60 "
      />
      <div
        class="container mx-auto relative z-1"
      >
        <div
          class="relative flex gap-5 flex-col-reverse lg:block"
        >
          <div
            class="relative lg:h-auto h-[300px] right-0 lg:right-20 top-0 lg:-top-[110px]"
          >
            <div
              class="absolute lg:-top-0 -top-20 -right-32 w-[36rem] h-[36rem] border-2 border-dashed border-slate-300 dark:border-slate-700 rounded-full animate-[spin_120s_linear_infinite] z-0"
            />
            <div
              class="absolute lg:-top-24 -top-36 -right-56 w-[48rem] h-[48rem] border-2 border-dashed border-slate-200 dark:border-slate-700 rounded-full animate-[spin_240s_linear_infinite] z-0"
            />
            <div
              class="absolute lg:-top-0 -top-10 -right-40 w-[36rem] h-[36rem] bg-gradient-to-tl to-indigo-600/30 from-red-600/30 dark:to-indigo-600/50 dark:from-red-600/50 blur-[200px] rounded-full z-0"
            />
            <div
              class="absolute right-0 animate-float top-0 lg:-right-[560px]  w-auto  lg:w-[800px] h-[300px] lg:h-[550px]"
            >
              <img
                alt="Dashboard Demo Image"
                class="h-full scale-90  lg:scale-[1.45] object-contain z-10"
                data-nimg="1"
                decoding="async"
                height="800"
                loading="lazy"
                src="/_next/image?url=%2Fimages%2Flight-dash.png&w=1920&q=75"
                srcset="/_next/image?url=%2Fimages%2Flight-dash.png&w=828&q=75 1x, /_next/image?url=%2Fimages%2Flight-dash.png&w=1920&q=75 2x"
                style="color: transparent;"
                width="800"
              />
            </div>
          </div>
          <div
            class="flex justify-between items-center px-4 w-full"
          >
            <div
              class="mx-auto lg:ml-0"
            >
              <div>
                HeroLeft Component
              </div>
            </div>
          </div>
        </div>
      </div>
    </section>
  </div>
</DocumentFragment>
`;
